------------------------------------------------------------
Timing Analyzer Summary
------------------------------------------------------------

Type  : Slow 1100mV 85C Model Setup 'clock'
Slack : -2.931
TNS   : -140.658

Type  : Slow 1100mV 85C Model Hold 'clock'
Slack : 0.442
TNS   : 0.000

Type  : Slow 1100mV 85C Model Minimum Pulse Width 'clock'
Slack : -0.538
TNS   : -45.565

Type  : Slow 1100mV 0C Model Setup 'clock'
Slack : -2.950
TNS   : -140.741

Type  : Slow 1100mV 0C Model Hold 'clock'
Slack : 0.448
TNS   : 0.000

Type  : Slow 1100mV 0C Model Minimum Pulse Width 'clock'
Slack : -0.538
TNS   : -46.534

Type  : Fast 1100mV 85C Model Setup 'clock'
Slack : -0.964
TNS   : -40.115

Type  : Fast 1100mV 85C Model Hold 'clock'
Slack : 0.199
TNS   : 0.000

Type  : Fast 1100mV 85C Model Minimum Pulse Width 'clock'
Slack : -0.094
TNS   : -5.216

Type  : Fast 1100mV 0C Model Setup 'clock'
Slack : -0.783
TNS   : -31.410

Type  : Fast 1100mV 0C Model Hold 'clock'
Slack : 0.190
TNS   : 0.000

Type  : Fast 1100mV 0C Model Minimum Pulse Width 'clock'
Slack : -0.095
TNS   : -5.369

------------------------------------------------------------
